#
# There is insufficient memory for the Java Runtime Environment to continue.
# Native memory allocation (malloc) failed to allocate 1314656 bytes. Error detail: Chunk::new
# Possible reasons:
#   The system is out of physical RAM or swap space
#   This process is running with CompressedOops enabled, and the Java Heap may be blocking the growth of the native heap
# Possible solutions:
#   Reduce memory load on the system
#   Increase physical memory or swap space
#   Check if swap backing store is full
#   Decrease Java heap size (-Xmx/-Xms)
#   Decrease number of Java threads
#   Decrease Java thread stack sizes (-Xss)
#   Set larger code cache with -XX:ReservedCodeCacheSize=
#   JVM is running with Unscaled Compressed Oops mode in which the Java heap is
#     placed in the first 4GB address space. The Java Heap base address is the
#     maximum limit for the native heap growth. Please use -XX:HeapBaseMinAddress
#     to set the Java Heap base and to place the Java Heap above 4GB virtual address.
# This output file may be truncated or incomplete.
#
#  Out of Memory Error (arena.cpp:150), pid=14460, tid=27924
#
# JRE version: OpenJDK Runtime Environment Corretto-22.0.2.9.1 (22.0.2+9) (build 22.0.2+9-FR)
# Java VM: OpenJDK 64-Bit Server VM Corretto-22.0.2.9.1 (22.0.2+9-FR, mixed mode, sharing, tiered, compressed oops, compressed class ptrs, g1 gc, windows-amd64)
# No core dump will be written. Minidumps are not enabled by default on client versions of Windows
#

---------------  S U M M A R Y ------------

Command Line: -javaagent:C:\Program Files\JetBrains\IntelliJ IDEA Community Edition 2024.3.5\lib\idea_rt.jar=56977 -Dfile.encoding=UTF-8 -Dsun.stdout.encoding=UTF-8 -Dsun.stderr.encoding=UTF-8 edu.icet.ecom.Main

Host: 12th Gen Intel(R) Core(TM) i3-1215U, 8 cores, 7G,  Windows 11 , 64 bit Build 26100 (10.0.26100.4768)
Time: Fri Aug 29 14:49:17 2025 Pacific Daylight Time elapsed time: 25.204578 seconds (0d 0h 0m 25s)

---------------  T H R E A D  ---------------

Current thread (0x00000254d4128090):  JavaThread "C2 CompilerThread0" daemon [_thread_in_native, id=27924, stack(0x000000b457f00000,0x000000b458000000) (1024K)]


Current CompileTask:
C2:25204 6828   !   4       org.springframework.util.ReflectionUtils::doWithMethods (189 bytes)

Stack: [0x000000b457f00000,0x000000b458000000]
Native frames: (J=compiled Java code, j=interpreted, Vv=VM code, C=native code)
V  [jvm.dll+0x6f7bb9]  (no source info available)
V  [jvm.dll+0x8dc245]  (no source info available)
V  [jvm.dll+0x8de4ae]  (no source info available)
V  [jvm.dll+0x8deb93]  (no source info available)
V  [jvm.dll+0x28d336]  (no source info available)
V  [jvm.dll+0xc500f]  (no source info available)
V  [jvm.dll+0xc526b]  (no source info available)
V  [jvm.dll+0x3036c1]  (no source info available)
V  [jvm.dll+0x61d639]  (no source info available)
V  [jvm.dll+0x25d4c2]  (no source info available)
V  [jvm.dll+0x255d91]  (no source info available)
V  [jvm.dll+0x2536f0]  (no source info available)
V  [jvm.dll+0x1cef4a]  (no source info available)
V  [jvm.dll+0x263335]  (no source info available)
V  [jvm.dll+0x2615fb]  (no source info available)
V  [jvm.dll+0x407456]  (no source info available)
V  [jvm.dll+0x883778]  (no source info available)
V  [jvm.dll+0x6f63c5]  (no source info available)
C  [ucrtbase.dll+0x37b0]  (no source info available)
C  [KERNEL32.DLL+0x2e8d7]  (no source info available)
C  [ntdll.dll+0x3c34c]  (no source info available)


---------------  P R O C E S S  ---------------

Threads class SMR info:
_java_thread_list=0x00000254d7770510, length=17, elements={
0x00000254ee014010, 0x00000254fd6a27c0, 0x00000254fd6a3d90, 0x00000254fd6a7b90,
0x00000254fd6ab3d0, 0x00000254fd6aedf0, 0x00000254fd6afff0, 0x00000254d4128090,
0x00000254d41526c0, 0x00000254fd66e840, 0x00000254d458bda0, 0x00000254d4542880,
0x00000254d4aa7fd0, 0x00000254d84ff420, 0x00000254d584c2b0, 0x00000254d49f5540,
0x00000254d91604a0
}

Java Threads: ( => current thread )
  0x00000254ee014010 JavaThread "main"                              [_thread_in_Java, id=5188, stack(0x000000b457100000,0x000000b457200000) (1024K)]
  0x00000254fd6a27c0 JavaThread "Reference Handler"          daemon [_thread_blocked, id=12064, stack(0x000000b457900000,0x000000b457a00000) (1024K)]
  0x00000254fd6a3d90 JavaThread "Finalizer"                  daemon [_thread_blocked, id=27472, stack(0x000000b457a00000,0x000000b457b00000) (1024K)]
  0x00000254fd6a7b90 JavaThread "Signal Dispatcher"          daemon [_thread_blocked, id=32940, stack(0x000000b457b00000,0x000000b457c00000) (1024K)]
  0x00000254fd6ab3d0 JavaThread "Attach Listener"            daemon [_thread_blocked, id=30088, stack(0x000000b457c00000,0x000000b457d00000) (1024K)]
  0x00000254fd6aedf0 JavaThread "Service Thread"             daemon [_thread_blocked, id=11368, stack(0x000000b457d00000,0x000000b457e00000) (1024K)]
  0x00000254fd6afff0 JavaThread "Monitor Deflation Thread"   daemon [_thread_blocked, id=24556, stack(0x000000b457e00000,0x000000b457f00000) (1024K)]
=>0x00000254d4128090 JavaThread "C2 CompilerThread0"         daemon [_thread_in_native, id=27924, stack(0x000000b457f00000,0x000000b458000000) (1024K)]
  0x00000254d41526c0 JavaThread "C1 CompilerThread0"         daemon [_thread_in_vm, id=7088, stack(0x000000b458000000,0x000000b458100000) (1024K)]
  0x00000254fd66e840 JavaThread "Common-Cleaner"             daemon [_thread_blocked, id=24816, stack(0x000000b458100000,0x000000b458200000) (1024K)]
  0x00000254d458bda0 JavaThread "Monitor Ctrl-Break"         daemon [_thread_in_native, id=24640, stack(0x000000b458200000,0x000000b458300000) (1024K)]
  0x00000254d4542880 JavaThread "Notification Thread"        daemon [_thread_blocked, id=25028, stack(0x000000b458300000,0x000000b458400000) (1024K)]
  0x00000254d4aa7fd0 JavaThread "Catalina-utility-1"                [_thread_blocked, id=33372, stack(0x000000b458d00000,0x000000b458e00000) (1024K)]
  0x00000254d84ff420 JavaThread "Catalina-utility-2"                [_thread_blocked, id=2764, stack(0x000000b458e00000,0x000000b458f00000) (1024K)]
  0x00000254d584c2b0 JavaThread "container-0"                       [_thread_blocked, id=18748, stack(0x000000b458f00000,0x000000b459000000) (1024K)]
  0x00000254d49f5540 JavaThread "mysql-cj-abandoned-connection-cleanup" daemon [_thread_blocked, id=32128, stack(0x000000b459100000,0x000000b459200000) (1024K)]
  0x00000254d91604a0 JavaThread "HikariPool-1:housekeeper"   daemon [_thread_blocked, id=34656, stack(0x000000b459000000,0x000000b459100000) (1024K)]
Total: 17

Other Threads:
  0x00000254fd6874e0 VMThread "VM Thread"                           [id=16820, stack(0x000000b457800000,0x000000b457900000) (1024K)]
  0x00000254fd66bb80 WatcherThread "VM Periodic Task Thread"        [id=33328, stack(0x000000b457700000,0x000000b457800000) (1024K)]
  0x00000254f0384dd0 WorkerThread "GC Thread#0"                     [id=30316, stack(0x000000b457200000,0x000000b457300000) (1024K)]
  0x00000254d4c45930 WorkerThread "GC Thread#1"                     [id=20212, stack(0x000000b458600000,0x000000b458700000) (1024K)]
  0x00000254d512b040 WorkerThread "GC Thread#2"                     [id=22400, stack(0x000000b458700000,0x000000b458800000) (1024K)]
  0x00000254d4b1e090 WorkerThread "GC Thread#3"                     [id=4320, stack(0x000000b458800000,0x000000b458900000) (1024K)]
  0x00000254d4d6a700 WorkerThread "GC Thread#4"                     [id=17444, stack(0x000000b458900000,0x000000b458a00000) (1024K)]
  0x00000254d49f5c80 WorkerThread "GC Thread#5"                     [id=5916, stack(0x000000b458a00000,0x000000b458b00000) (1024K)]
  0x00000254d52a01d0 WorkerThread "GC Thread#6"                     [id=26124, stack(0x000000b458500000,0x000000b458600000) (1024K)]
  0x00000254d52a0580 WorkerThread "GC Thread#7"                     [id=22524, stack(0x000000b458b00000,0x000000b458c00000) (1024K)]
  0x00000254f0396360 ConcurrentGCThread "G1 Main Marker"            [id=1900, stack(0x000000b457300000,0x000000b457400000) (1024K)]
  0x00000254f0397510 WorkerThread "G1 Conc#0"                       [id=7232, stack(0x000000b457400000,0x000000b457500000) (1024K)]
  0x00000254d5bfaaa0 WorkerThread "G1 Conc#1"                       [id=2676, stack(0x000000b458c00000,0x000000b458d00000) (1024K)]
  0x00000254f03de5a0 ConcurrentGCThread "G1 Refine#0"               [id=27160, stack(0x000000b457500000,0x000000b457600000) (1024K)]
  0x00000254fd53c1a0 ConcurrentGCThread "G1 Service"                [id=14524, stack(0x000000b457600000,0x000000b457700000) (1024K)]
Total: 15

Threads with active compile tasks:
C2 CompilerThread0  25280 6828   !   4       org.springframework.util.ReflectionUtils::doWithMethods (189 bytes)
C1 CompilerThread0  25280 6863       3       org.springframework.data.repository.core.support.RepositoryComposition$RepositoryFragments::methods (15 bytes)
Total: 2

VM state: not at safepoint (normal execution)

VM Mutex/Monitor currently owned by a thread: None

Heap address: 0x0000000084400000, size: 1980 MB, Compressed Oops mode: 32-bit

CDS archive(s) mapped at: [0x000002548f000000-0x000002548fc60000-0x000002548fc60000), size 12976128, SharedBaseAddress: 0x000002548f000000, ArchiveRelocationMode: 1.
Compressed class space mapped at: 0x0000025490000000-0x00000254d0000000, reserved size: 1073741824
Narrow klass base: 0x000002548f000000, Narrow klass shift: 0, Narrow klass range: 0x41000000

GC Precious Log:
 CardTable entry size: 512
 Card Set container configuration: InlinePtr #cards 5 size 8 Array Of Cards #cards 12 size 40 Howl #buckets 4 coarsen threshold 1843 Howl Bitmap #cards 512 size 80 coarsen threshold 460 Card regions per heap region 1 cards per card region 2048
 CPUs: 8 total, 8 available
 Memory: 7916M
 Large Page Support: Disabled
 NUMA Support: Disabled
 Compressed Oops: Enabled (32-bit)
 Heap Region Size: 1M
 Heap Min Capacity: 8M
 Heap Initial Capacity: 124M
 Heap Max Capacity: 1980M
 Pre-touch: Disabled
 Parallel Workers: 8
 Concurrent Workers: 2
 Concurrent Refinement Workers: 8
 Periodic GC: Disabled

Heap:
 garbage-first heap   total reserved 2027520K, committed 86016K, used 56360K [0x0000000084400000, 0x0000000100000000)
  region size 1024K, 23 young (23552K), 3 survivors (3072K)
 Metaspace       used 71880K, committed 72576K, reserved 1114112K
  class space    used 9940K, committed 10240K, reserved 1048576K

Heap Regions: E=young(eden), S=young(survivor), O=old, HS=humongous(starts), HC=humongous(continues), CS=collection set, F=free, TAMS=top-at-mark-start, PB=parsable bottom
|   0|0x0000000084400000, 0x0000000084500000, 0x0000000084500000|100%|HS|  |TAMS 0x0000000084400000| PB 0x0000000084400000| Complete |  0
|   1|0x0000000084500000, 0x0000000084600000, 0x0000000084600000|100%|HS|  |TAMS 0x0000000084500000| PB 0x0000000084500000| Complete |  0
|   2|0x0000000084600000, 0x0000000084700000, 0x0000000084700000|100%|HS|  |TAMS 0x0000000084600000| PB 0x0000000084600000| Complete |  0
|   3|0x0000000084700000, 0x0000000084800000, 0x0000000084800000|100%| O|  |TAMS 0x0000000084700000| PB 0x0000000084700000| Untracked |  0
|   4|0x0000000084800000, 0x0000000084900000, 0x0000000084900000|100%| O|  |TAMS 0x0000000084800000| PB 0x0000000084800000| Untracked |  0
|   5|0x0000000084900000, 0x0000000084a00000, 0x0000000084a00000|100%| O|  |TAMS 0x0000000084900000| PB 0x0000000084900000| Untracked |  0
|   6|0x0000000084a00000, 0x0000000084b00000, 0x0000000084b00000|100%| O|  |TAMS 0x0000000084a00000| PB 0x0000000084a00000| Untracked |  0
|   7|0x0000000084b00000, 0x0000000084c00000, 0x0000000084c00000|100%| O|  |TAMS 0x0000000084b00000| PB 0x0000000084b00000| Untracked |  0
|   8|0x0000000084c00000, 0x0000000084d00000, 0x0000000084d00000|100%| O|  |TAMS 0x0000000084c00000| PB 0x0000000084c00000| Untracked |  0
|   9|0x0000000084d00000, 0x0000000084e00000, 0x0000000084e00000|100%| O|  |TAMS 0x0000000084d00000| PB 0x0000000084d00000| Untracked |  0
|  10|0x0000000084e00000, 0x0000000084f00000, 0x0000000084f00000|100%| O|  |TAMS 0x0000000084e00000| PB 0x0000000084e00000| Untracked |  0
|  11|0x0000000084f00000, 0x0000000085000000, 0x0000000085000000|100%| O|  |TAMS 0x0000000084f00000| PB 0x0000000084f00000| Untracked |  0
|  12|0x0000000085000000, 0x0000000085100000, 0x0000000085100000|100%| O|  |TAMS 0x0000000085000000| PB 0x0000000085000000| Untracked |  0
|  13|0x0000000085100000, 0x0000000085200000, 0x0000000085200000|100%| O|Cm|TAMS 0x0000000085100000| PB 0x0000000085100000| Complete |  0
|  14|0x0000000085200000, 0x0000000085300000, 0x0000000085300000|100%| O|  |TAMS 0x0000000085200000| PB 0x0000000085200000| Untracked |  0
|  15|0x0000000085300000, 0x0000000085400000, 0x0000000085400000|100%| O|  |TAMS 0x0000000085300000| PB 0x0000000085300000| Untracked |  0
|  16|0x0000000085400000, 0x0000000085500000, 0x0000000085500000|100%| O|  |TAMS 0x0000000085400000| PB 0x0000000085400000| Untracked |  0
|  17|0x0000000085500000, 0x0000000085600000, 0x0000000085600000|100%| O|  |TAMS 0x0000000085500000| PB 0x0000000085500000| Untracked |  0
|  18|0x0000000085600000, 0x0000000085700000, 0x0000000085700000|100%| O|  |TAMS 0x0000000085600000| PB 0x0000000085600000| Untracked |  0
|  19|0x0000000085700000, 0x0000000085800000, 0x0000000085800000|100%| O|  |TAMS 0x0000000085700000| PB 0x0000000085700000| Untracked |  0
|  20|0x0000000085800000, 0x0000000085900000, 0x0000000085900000|100%| O|  |TAMS 0x0000000085800000| PB 0x0000000085800000| Untracked |  0
|  21|0x0000000085900000, 0x0000000085a00000, 0x0000000085a00000|100%| O|  |TAMS 0x0000000085900000| PB 0x0000000085900000| Untracked |  0
|  22|0x0000000085a00000, 0x0000000085b00000, 0x0000000085b00000|100%| O|  |TAMS 0x0000000085a00000| PB 0x0000000085a00000| Untracked |  0
|  23|0x0000000085b00000, 0x0000000085c00000, 0x0000000085c00000|100%| O|  |TAMS 0x0000000085b00000| PB 0x0000000085b00000| Untracked |  0
|  24|0x0000000085c00000, 0x0000000085d00000, 0x0000000085d00000|100%| O|  |TAMS 0x0000000085c00000| PB 0x0000000085c00000| Untracked |  0
|  25|0x0000000085d00000, 0x0000000085e00000, 0x0000000085e00000|100%| O|  |TAMS 0x0000000085d00000| PB 0x0000000085d00000| Untracked |  0
|  26|0x0000000085e00000, 0x0000000085f00000, 0x0000000085f00000|100%| O|  |TAMS 0x0000000085e00000| PB 0x0000000085e00000| Untracked |  0
|  27|0x0000000085f00000, 0x0000000086000000, 0x0000000086000000|100%| O|  |TAMS 0x0000000085f00000| PB 0x0000000085f00000| Untracked |  0
|  28|0x0000000086000000, 0x0000000086100000, 0x0000000086100000|100%| O|  |TAMS 0x0000000086000000| PB 0x0000000086000000| Untracked |  0
|  29|0x0000000086100000, 0x0000000086200000, 0x0000000086200000|100%| O|  |TAMS 0x0000000086100000| PB 0x0000000086100000| Untracked |  0
|  30|0x0000000086200000, 0x0000000086300000, 0x0000000086300000|100%| O|  |TAMS 0x0000000086200000| PB 0x0000000086200000| Untracked |  0
|  31|0x0000000086300000, 0x0000000086400000, 0x0000000086400000|100%| O|  |TAMS 0x0000000086300000| PB 0x0000000086300000| Untracked |  0
|  32|0x0000000086400000, 0x0000000086455b90, 0x0000000086500000| 33%| O|  |TAMS 0x0000000086400000| PB 0x0000000086400000| Untracked |  0
|  33|0x0000000086500000, 0x0000000086500000, 0x0000000086600000|  0%| F|  |TAMS 0x0000000086500000| PB 0x0000000086500000| Untracked |  0
|  34|0x0000000086600000, 0x0000000086600000, 0x0000000086700000|  0%| F|  |TAMS 0x0000000086600000| PB 0x0000000086600000| Untracked |  0
|  35|0x0000000086700000, 0x0000000086700000, 0x0000000086800000|  0%| F|  |TAMS 0x0000000086700000| PB 0x0000000086700000| Untracked |  0
|  36|0x0000000086800000, 0x0000000086900000, 0x0000000086900000|100%| O|  |TAMS 0x0000000086800000| PB 0x0000000086800000| Untracked |  0
|  37|0x0000000086900000, 0x0000000086900000, 0x0000000086a00000|  0%| F|  |TAMS 0x0000000086900000| PB 0x0000000086900000| Untracked |  0
|  38|0x0000000086a00000, 0x0000000086a00000, 0x0000000086b00000|  0%| F|  |TAMS 0x0000000086a00000| PB 0x0000000086a00000| Untracked |  0
|  39|0x0000000086b00000, 0x0000000086b00000, 0x0000000086c00000|  0%| F|  |TAMS 0x0000000086b00000| PB 0x0000000086b00000| Untracked |  0
|  40|0x0000000086c00000, 0x0000000086c00000, 0x0000000086d00000|  0%| F|  |TAMS 0x0000000086c00000| PB 0x0000000086c00000| Untracked |  0
|  41|0x0000000086d00000, 0x0000000086db4498, 0x0000000086e00000| 70%| S|CS|TAMS 0x0000000086d00000| PB 0x0000000086d00000| Complete |  0
|  42|0x0000000086e00000, 0x0000000086f00000, 0x0000000086f00000|100%| S|CS|TAMS 0x0000000086e00000| PB 0x0000000086e00000| Complete |  0
|  43|0x0000000086f00000, 0x0000000087000000, 0x0000000087000000|100%| S|CS|TAMS 0x0000000086f00000| PB 0x0000000086f00000| Complete |  0
|  44|0x0000000087000000, 0x0000000087000000, 0x0000000087100000|  0%| F|  |TAMS 0x0000000087000000| PB 0x0000000087000000| Untracked |  0
|  45|0x0000000087100000, 0x0000000087100000, 0x0000000087200000|  0%| F|  |TAMS 0x0000000087100000| PB 0x0000000087100000| Untracked |  0
|  46|0x0000000087200000, 0x0000000087200000, 0x0000000087300000|  0%| F|  |TAMS 0x0000000087200000| PB 0x0000000087200000| Untracked |  0
|  47|0x0000000087300000, 0x0000000087300000, 0x0000000087400000|  0%| F|  |TAMS 0x0000000087300000| PB 0x0000000087300000| Untracked |  0
|  48|0x0000000087400000, 0x0000000087400000, 0x0000000087500000|  0%| F|  |TAMS 0x0000000087400000| PB 0x0000000087400000| Untracked |  0
|  49|0x0000000087500000, 0x0000000087500000, 0x0000000087600000|  0%| F|  |TAMS 0x0000000087500000| PB 0x0000000087500000| Untracked |  0
|  50|0x0000000087600000, 0x0000000087600000, 0x0000000087700000|  0%| F|  |TAMS 0x0000000087600000| PB 0x0000000087600000| Untracked |  0
|  51|0x0000000087700000, 0x0000000087700000, 0x0000000087800000|  0%| F|  |TAMS 0x0000000087700000| PB 0x0000000087700000| Untracked |  0
|  52|0x0000000087800000, 0x0000000087800000, 0x0000000087900000|  0%| F|  |TAMS 0x0000000087800000| PB 0x0000000087800000| Untracked |  0
|  53|0x0000000087900000, 0x0000000087900000, 0x0000000087a00000|  0%| F|  |TAMS 0x0000000087900000| PB 0x0000000087900000| Untracked |  0
|  54|0x0000000087a00000, 0x0000000087a00000, 0x0000000087b00000|  0%| F|  |TAMS 0x0000000087a00000| PB 0x0000000087a00000| Untracked |  0
|  55|0x0000000087b00000, 0x0000000087b00000, 0x0000000087c00000|  0%| F|  |TAMS 0x0000000087b00000| PB 0x0000000087b00000| Untracked |  0
|  56|0x0000000087c00000, 0x0000000087c00000, 0x0000000087d00000|  0%| F|  |TAMS 0x0000000087c00000| PB 0x0000000087c00000| Untracked |  0
|  57|0x0000000087d00000, 0x0000000087d00000, 0x0000000087e00000|  0%| F|  |TAMS 0x0000000087d00000| PB 0x0000000087d00000| Untracked |  0
|  58|0x0000000087e00000, 0x0000000087e00000, 0x0000000087f00000|  0%| F|  |TAMS 0x0000000087e00000| PB 0x0000000087e00000| Untracked |  0
|  59|0x0000000087f00000, 0x0000000087f00000, 0x0000000088000000|  0%| F|  |TAMS 0x0000000087f00000| PB 0x0000000087f00000| Untracked |  0
|  60|0x0000000088000000, 0x0000000088000000, 0x0000000088100000|  0%| F|  |TAMS 0x0000000088000000| PB 0x0000000088000000| Untracked |  0
|  61|0x0000000088100000, 0x0000000088100000, 0x0000000088200000|  0%| F|  |TAMS 0x0000000088100000| PB 0x0000000088100000| Untracked |  0
|  62|0x0000000088200000, 0x0000000088200000, 0x0000000088300000|  0%| F|  |TAMS 0x0000000088200000| PB 0x0000000088200000| Untracked |  0
|  63|0x0000000088300000, 0x0000000088300000, 0x0000000088400000|  0%| F|  |TAMS 0x0000000088300000| PB 0x0000000088300000| Untracked |  0
|  64|0x0000000088400000, 0x0000000088480000, 0x0000000088500000| 50%| E|  |TAMS 0x0000000088400000| PB 0x0000000088400000| Complete |  0
|  65|0x0000000088500000, 0x0000000088600000, 0x0000000088600000|100%| E|CS|TAMS 0x0000000088500000| PB 0x0000000088500000| Complete |  0
|  66|0x0000000088600000, 0x0000000088700000, 0x0000000088700000|100%| E|CS|TAMS 0x0000000088600000| PB 0x0000000088600000| Complete |  0
|  67|0x0000000088700000, 0x0000000088800000, 0x0000000088800000|100%| E|CS|TAMS 0x0000000088700000| PB 0x0000000088700000| Complete |  0
|  68|0x0000000088800000, 0x0000000088900000, 0x0000000088900000|100%| E|CS|TAMS 0x0000000088800000| PB 0x0000000088800000| Complete |  0
|  69|0x0000000088900000, 0x0000000088a00000, 0x0000000088a00000|100%| E|CS|TAMS 0x0000000088900000| PB 0x0000000088900000| Complete |  0
|  70|0x0000000088a00000, 0x0000000088b00000, 0x0000000088b00000|100%| E|CS|TAMS 0x0000000088a00000| PB 0x0000000088a00000| Complete |  0
|  71|0x0000000088b00000, 0x0000000088c00000, 0x0000000088c00000|100%| E|CS|TAMS 0x0000000088b00000| PB 0x0000000088b00000| Complete |  0
|  72|0x0000000088c00000, 0x0000000088d00000, 0x0000000088d00000|100%| E|CS|TAMS 0x0000000088c00000| PB 0x0000000088c00000| Complete |  0
|  73|0x0000000088d00000, 0x0000000088e00000, 0x0000000088e00000|100%| E|CS|TAMS 0x0000000088d00000| PB 0x0000000088d00000| Complete |  0
|  74|0x0000000088e00000, 0x0000000088f00000, 0x0000000088f00000|100%| E|CS|TAMS 0x0000000088e00000| PB 0x0000000088e00000| Complete |  0
|  75|0x0000000088f00000, 0x0000000089000000, 0x0000000089000000|100%| E|CS|TAMS 0x0000000088f00000| PB 0x0000000088f00000| Complete |  0
| 103|0x000000008ab00000, 0x000000008ac00000, 0x000000008ac00000|100%| E|CS|TAMS 0x000000008ab00000| PB 0x000000008ab00000| Complete |  0
| 104|0x000000008ac00000, 0x000000008ad00000, 0x000000008ad00000|100%| E|CS|TAMS 0x000000008ac00000| PB 0x000000008ac00000| Complete |  0
| 105|0x000000008ad00000, 0x000000008ae00000, 0x000000008ae00000|100%| E|CS|TAMS 0x000000008ad00000| PB 0x000000008ad00000| Complete |  0
| 106|0x000000008ae00000, 0x000000008af00000, 0x000000008af00000|100%| E|CS|TAMS 0x000000008ae00000| PB 0x000000008ae00000| Complete |  0
| 107|0x000000008af00000, 0x000000008b000000, 0x000000008b000000|100%| E|CS|TAMS 0x000000008af00000| PB 0x000000008af00000| Complete |  0
| 108|0x000000008b000000, 0x000000008b100000, 0x000000008b100000|100%| E|CS|TAMS 0x000000008b000000| PB 0x000000008b000000| Complete |  0
| 109|0x000000008b100000, 0x000000008b200000, 0x000000008b200000|100%| E|CS|TAMS 0x000000008b100000| PB 0x000000008b100000| Complete |  0
| 123|0x000000008bf00000, 0x000000008c000000, 0x000000008c000000|100%| E|CS|TAMS 0x000000008bf00000| PB 0x000000008bf00000| Complete |  0

Card table byte_map: [0x00000254f8fc0000,0x00000254f93a0000] _byte_map_base: 0x00000254f8b9e000

Marking Bits: (CMBitMap*) 0x00000254f03853e0
 Bits: [0x00000254f93a0000, 0x00000254fb290000)

Polling page: 0x00000254ee1e0000

Metaspace:

Usage:
  Non-class:     60.50 MB used.
      Class:      9.71 MB used.
       Both:     70.20 MB used.

Virtual space:
  Non-class space:       64.00 MB reserved,      60.88 MB ( 95%) committed,  1 nodes.
      Class space:        1.00 GB reserved,      10.00 MB ( <1%) committed,  1 nodes.
             Both:        1.06 GB reserved,      70.88 MB (  7%) committed. 

Chunk freelists:
   Non-Class:  2.40 MB
       Class:  5.91 MB
        Both:  8.31 MB

MaxMetaspaceSize: unlimited
CompressedClassSpaceSize: 1.00 GB
Initial GC threshold: 21.00 MB
Current GC threshold: 98.25 MB
CDS: on
 - commit_granule_bytes: 65536.
 - commit_granule_words: 8192.
 - virtual_space_node_default_size: 8388608.
 - enlarge_chunks_in_place: 1.
 - use_allocation_guard: 0.


Internal statistics:

num_allocs_failed_limit: 9.
num_arena_births: 944.
num_arena_deaths: 0.
num_vsnodes_births: 2.
num_vsnodes_deaths: 0.
num_space_committed: 1134.
num_space_uncommitted: 0.
num_chunks_returned_to_freelist: 9.
num_chunks_taken_from_freelist: 3364.
num_chunk_merges: 9.
num_chunk_splits: 2466.
num_chunks_enlarged: 1950.
num_inconsistent_stats: 0.

CodeHeap 'non-profiled nmethods': size=120000Kb used=4084Kb max_used=4084Kb free=115915Kb
 bounds [0x0000025487ad0000, 0x0000025487ed0000, 0x000002548f000000]
CodeHeap 'profiled nmethods': size=120000Kb used=11797Kb max_used=11797Kb free=108202Kb
 bounds [0x0000025480000000, 0x0000025480b90000, 0x0000025487530000]
CodeHeap 'non-nmethods': size=5760Kb used=1750Kb max_used=1794Kb free=4009Kb
 bounds [0x0000025487530000, 0x00000254877a0000, 0x0000025487ad0000]
 total_blobs=6815 nmethods=6052 adapters=667
 compilation: enabled
              stopped_count=0, restarted_count=0
 full_count=0

Compilation events (20 events):
Event: 23.961 Thread 0x00000254d41526c0 6829       3       org.springframework.data.util.Streamable::stream (11 bytes)
Event: 23.961 Thread 0x00000254d41526c0 nmethod 6829 0x0000025480b72010 code [0x0000025480b721c0, 0x0000025480b723c0]
Event: 23.961 Thread 0x00000254d41526c0 6830       3       org.springframework.data.util.Lazy::get (21 bytes)
Event: 23.961 Thread 0x00000254d41526c0 nmethod 6830 0x0000025480b72490 code [0x0000025480b72660, 0x0000025480b72a58]
Event: 23.962 Thread 0x00000254d4128090 nmethod 6783 0x0000025487d54890 code [0x0000025487d54ae0, 0x0000025487d551c8]
Event: 23.962 Thread 0x00000254d4128090 6828   !   4       org.springframework.util.ReflectionUtils::doWithMethods (189 bytes)
Event: 24.058 Thread 0x00000254d41526c0 6831       3       java.lang.invoke.LambdaFormEditor$TransformKey::packedBytes (92 bytes)
Event: 24.059 Thread 0x00000254d41526c0 nmethod 6831 0x0000025480b72b90 code [0x0000025480b72d60, 0x0000025480b730e8]
Event: 24.076 Thread 0x00000254d41526c0 6832       3       java.util.regex.Pattern::read (33 bytes)
Event: 24.076 Thread 0x00000254d41526c0 nmethod 6832 0x0000025480b73290 code [0x0000025480b73440, 0x0000025480b736a0]
Event: 24.088 Thread 0x00000254d41526c0 6833       3       java.lang.Character$UnicodeBlock::<init> (17 bytes)
Event: 24.089 Thread 0x00000254d41526c0 nmethod 6833 0x0000025480b73810 code [0x0000025480b73a00, 0x0000025480b73e98]
Event: 24.089 Thread 0x00000254d41526c0 6834       3       java.lang.Character$Subset::<init> (24 bytes)
Event: 24.089 Thread 0x00000254d41526c0 nmethod 6834 0x0000025480b74010 code [0x0000025480b741c0, 0x0000025480b74480]
Event: 24.167 Thread 0x00000254d41526c0 6835       3       java.util.regex.Pattern::createGroup (86 bytes)
Event: 24.168 Thread 0x00000254d41526c0 nmethod 6835 0x0000025480b74590 code [0x0000025480b74780, 0x0000025480b74f78]
Event: 24.168 Thread 0x00000254d41526c0 6836       3       java.util.regex.Pattern$GroupHead::<init> (10 bytes)
Event: 24.168 Thread 0x00000254d41526c0 nmethod 6836 0x0000025480b75210 code [0x0000025480b753c0, 0x0000025480b755f8]
Event: 24.168 Thread 0x00000254d41526c0 6837       3       java.util.regex.Pattern::curly (66 bytes)
Event: 24.169 Thread 0x00000254d41526c0 nmethod 6837 0x0000025480b75710 code [0x0000025480b75960, 0x0000025480b766c0]

GC Heap History (20 events):
Event: 2.690 GC heap before
{Heap before GC invocations=1 (full 0):
 garbage-first heap   total reserved 2027520K, committed 126976K, used 36352K [0x0000000084400000, 0x0000000100000000)
  region size 1024K, 22 young (22528K), 3 survivors (3072K)
 Metaspace       used 8918K, committed 9152K, reserved 1114112K
  class space    used 1049K, committed 1152K, reserved 1048576K
}
Event: 2.703 GC heap after
{Heap after GC invocations=2 (full 0):
 garbage-first heap   total reserved 2027520K, committed 126976K, used 19685K [0x0000000084400000, 0x0000000100000000)
  region size 1024K, 3 young (3072K), 3 survivors (3072K)
 Metaspace       used 8918K, committed 9152K, reserved 1114112K
  class space    used 1049K, committed 1152K, reserved 1048576K
}
Event: 4.447 GC heap before
{Heap before GC invocations=2 (full 0):
 garbage-first heap   total reserved 2027520K, committed 126976K, used 52453K [0x0000000084400000, 0x0000000100000000)
  region size 1024K, 36 young (36864K), 3 survivors (3072K)
 Metaspace       used 17243K, committed 17536K, reserved 1114112K
  class space    used 2312K, committed 2432K, reserved 1048576K
}
Event: 4.457 GC heap after
{Heap after GC invocations=3 (full 0):
 garbage-first heap   total reserved 2027520K, committed 126976K, used 21979K [0x0000000084400000, 0x0000000100000000)
  region size 1024K, 5 young (5120K), 5 survivors (5120K)
 Metaspace       used 17243K, committed 17536K, reserved 1114112K
  class space    used 2312K, committed 2432K, reserved 1048576K
}
Event: 5.108 GC heap before
{Heap before GC invocations=3 (full 0):
 garbage-first heap   total reserved 2027520K, committed 126976K, used 35291K [0x0000000084400000, 0x0000000100000000)
  region size 1024K, 19 young (19456K), 5 survivors (5120K)
 Metaspace       used 21164K, committed 21504K, reserved 1114112K
  class space    used 2694K, committed 2880K, reserved 1048576K
}
Event: 5.116 GC heap after
{Heap after GC invocations=4 (full 0):
 garbage-first heap   total reserved 2027520K, committed 126976K, used 23657K [0x0000000084400000, 0x0000000100000000)
  region size 1024K, 7 young (7168K), 7 survivors (7168K)
 Metaspace       used 21164K, committed 21504K, reserved 1114112K
  class space    used 2694K, committed 2880K, reserved 1048576K
}
Event: 6.594 GC heap before
{Heap before GC invocations=5 (full 0):
 garbage-first heap   total reserved 2027520K, committed 71680K, used 55401K [0x0000000084400000, 0x0000000100000000)
  region size 1024K, 42 young (43008K), 7 survivors (7168K)
 Metaspace       used 26406K, committed 26816K, reserved 1114112K
  class space    used 3342K, committed 3520K, reserved 1048576K
}
Event: 6.610 GC heap after
{Heap after GC invocations=6 (full 0):
 garbage-first heap   total reserved 2027520K, committed 71680K, used 23422K [0x0000000084400000, 0x0000000100000000)
  region size 1024K, 5 young (5120K), 5 survivors (5120K)
 Metaspace       used 26406K, committed 26816K, reserved 1114112K
  class space    used 3342K, committed 3520K, reserved 1048576K
}
Event: 9.343 GC heap before
{Heap before GC invocations=6 (full 0):
 garbage-first heap   total reserved 2027520K, committed 71680K, used 55166K [0x0000000084400000, 0x0000000100000000)
  region size 1024K, 36 young (36864K), 5 survivors (5120K)
 Metaspace       used 31674K, committed 32064K, reserved 1114112K
  class space    used 4168K, committed 4352K, reserved 1048576K
}
Event: 9.360 GC heap after
{Heap after GC invocations=7 (full 0):
 garbage-first heap   total reserved 2027520K, committed 86016K, used 25243K [0x0000000084400000, 0x0000000100000000)
  region size 1024K, 3 young (3072K), 3 survivors (3072K)
 Metaspace       used 31674K, committed 32064K, reserved 1114112K
  class space    used 4168K, committed 4352K, reserved 1048576K
}
Event: 11.080 GC heap before
{Heap before GC invocations=7 (full 0):
 garbage-first heap   total reserved 2027520K, committed 86016K, used 46747K [0x0000000084400000, 0x0000000100000000)
  region size 1024K, 25 young (25600K), 3 survivors (3072K)
 Metaspace       used 35632K, committed 36096K, reserved 1114112K
  class space    used 4730K, committed 4928K, reserved 1048576K
}
Event: 11.096 GC heap after
{Heap after GC invocations=8 (full 0):
 garbage-first heap   total reserved 2027520K, committed 86016K, used 27828K [0x0000000084400000, 0x0000000100000000)
  region size 1024K, 5 young (5120K), 5 survivors (5120K)
 Metaspace       used 35632K, committed 36096K, reserved 1114112K
  class space    used 4730K, committed 4928K, reserved 1048576K
}
Event: 13.970 GC heap before
{Heap before GC invocations=9 (full 0):
 garbage-first heap   total reserved 2027520K, committed 86016K, used 72884K [0x0000000084400000, 0x0000000100000000)
  region size 1024K, 48 young (49152K), 5 survivors (5120K)
 Metaspace       used 45563K, committed 46144K, reserved 1114112K
  class space    used 6203K, committed 6464K, reserved 1048576K
}
Event: 13.978 GC heap after
{Heap after GC invocations=10 (full 0):
 garbage-first heap   total reserved 2027520K, committed 86016K, used 30911K [0x0000000084400000, 0x0000000100000000)
  region size 1024K, 6 young (6144K), 6 survivors (6144K)
 Metaspace       used 45563K, committed 46144K, reserved 1114112K
  class space    used 6203K, committed 6464K, reserved 1048576K
}
Event: 18.070 GC heap before
{Heap before GC invocations=10 (full 0):
 garbage-first heap   total reserved 2027520K, committed 86016K, used 71871K [0x0000000084400000, 0x0000000100000000)
  region size 1024K, 46 young (47104K), 6 survivors (6144K)
 Metaspace       used 58214K, committed 58816K, reserved 1114112K
  class space    used 7805K, committed 8064K, reserved 1048576K
}
Event: 18.079 GC heap after
{Heap after GC invocations=11 (full 0):
 garbage-first heap   total reserved 2027520K, committed 86016K, used 34425K [0x0000000084400000, 0x0000000100000000)
  region size 1024K, 4 young (4096K), 4 survivors (4096K)
 Metaspace       used 58214K, committed 58816K, reserved 1114112K
  class space    used 7805K, committed 8064K, reserved 1048576K
}
Event: 18.388 GC heap before
{Heap before GC invocations=11 (full 0):
 garbage-first heap   total reserved 2027520K, committed 86016K, used 35449K [0x0000000084400000, 0x0000000100000000)
  region size 1024K, 7 young (7168K), 4 survivors (4096K)
 Metaspace       used 59708K, committed 60288K, reserved 1114112K
  class space    used 8115K, committed 8384K, reserved 1048576K
}
Event: 18.392 GC heap after
{Heap after GC invocations=12 (full 0):
 garbage-first heap   total reserved 2027520K, committed 86016K, used 34761K [0x0000000084400000, 0x0000000100000000)
  region size 1024K, 1 young (1024K), 1 survivors (1024K)
 Metaspace       used 59708K, committed 60288K, reserved 1114112K
  class space    used 8115K, committed 8384K, reserved 1048576K
}
Event: 23.150 GC heap before
{Heap before GC invocations=13 (full 0):
 garbage-first heap   total reserved 2027520K, committed 86016K, used 74697K [0x0000000084400000, 0x0000000100000000)
  region size 1024K, 40 young (40960K), 1 survivors (1024K)
 Metaspace       used 67889K, committed 68608K, reserved 1114112K
  class space    used 9403K, committed 9728K, reserved 1048576K
}
Event: 23.155 GC heap after
{Heap after GC invocations=14 (full 0):
 garbage-first heap   total reserved 2027520K, committed 86016K, used 36904K [0x0000000084400000, 0x0000000100000000)
  region size 1024K, 3 young (3072K), 3 survivors (3072K)
 Metaspace       used 67889K, committed 68608K, reserved 1114112K
  class space    used 9403K, committed 9728K, reserved 1048576K
}

Dll operation events (14 events):
Event: 0.023 Loaded shared library C:\Users\LENOVO\.jdks\corretto-22.0.2\bin\java.dll
Event: 0.079 Loaded shared library C:\Users\LENOVO\.jdks\corretto-22.0.2\bin\jsvml.dll
Event: 0.423 Loaded shared library C:\Users\LENOVO\.jdks\corretto-22.0.2\bin\zip.dll
Event: 0.437 Loaded shared library C:\Users\LENOVO\.jdks\corretto-22.0.2\bin\instrument.dll
Event: 0.447 Loaded shared library C:\Users\LENOVO\.jdks\corretto-22.0.2\bin\net.dll
Event: 0.451 Loaded shared library C:\Users\LENOVO\.jdks\corretto-22.0.2\bin\nio.dll
Event: 0.490 Loaded shared library C:\Users\LENOVO\.jdks\corretto-22.0.2\bin\zip.dll
Event: 0.980 Loaded shared library C:\Users\LENOVO\.jdks\corretto-22.0.2\bin\extnet.dll
Event: 1.053 Loaded shared library C:\Users\LENOVO\.jdks\corretto-22.0.2\bin\jimage.dll
Event: 3.265 Loaded shared library C:\Users\LENOVO\.jdks\corretto-22.0.2\bin\le.dll
Event: 5.631 Loaded shared library C:\Users\LENOVO\.jdks\corretto-22.0.2\bin\sunmscapi.dll
Event: 11.388 Loaded shared library C:\Users\LENOVO\.jdks\corretto-22.0.2\bin\management.dll
Event: 11.394 Loaded shared library C:\Users\LENOVO\.jdks\corretto-22.0.2\bin\management_ext.dll
Event: 13.285 Loaded shared library C:\Users\LENOVO\.jdks\corretto-22.0.2\bin\verify.dll

Deoptimization events (20 events):
Event: 23.451 Thread 0x00000254ee014010 Uncommon trap: trap_request=0xfffffff4 fr.pc=0x0000025487e380f0 relative=0x0000000000002030
Event: 23.451 Thread 0x00000254ee014010 Uncommon trap: reason=null_check action=make_not_entrant pc=0x0000025487e380f0 method=java.lang.Class.getMethodsRecursive(Ljava/lang/String;[Ljava/lang/Class;ZZ)Ljava/lang/PublicMethods$MethodList; @ 27 c2
Event: 23.451 Thread 0x00000254ee014010 DEOPT PACKING pc=0x0000025487e380f0 sp=0x000000b4571fc6d0
Event: 23.454 Thread 0x00000254ee014010 DEOPT UNPACKING pc=0x00000254875846a2 sp=0x000000b4571fc6b0 mode 2
Event: 23.475 Thread 0x00000254ee014010 Uncommon trap: trap_request=0xffffff45 fr.pc=0x0000025487b5c134 relative=0x0000000000000994
Event: 23.475 Thread 0x00000254ee014010 Uncommon trap: reason=unstable_if action=reinterpret pc=0x0000025487b5c134 method=java.util.WeakHashMap.put(Ljava/lang/Object;Ljava/lang/Object;)Ljava/lang/Object; @ 146 c2
Event: 23.475 Thread 0x00000254ee014010 DEOPT PACKING pc=0x0000025487b5c134 sp=0x000000b4571fb640
Event: 23.475 Thread 0x00000254ee014010 DEOPT UNPACKING pc=0x00000254875846a2 sp=0x000000b4571fb618 mode 2
Event: 23.802 Thread 0x00000254ee014010 Uncommon trap: trap_request=0xffffff76 fr.pc=0x0000025487de3330 relative=0x0000000000003f10
Event: 23.802 Thread 0x00000254ee014010 Uncommon trap: reason=predicate action=maybe_recompile pc=0x0000025487de3330 method=org.springframework.util.ReflectionUtils.doWithMethods(Ljava/lang/Class;Lorg/springframework/util/ReflectionUtils$MethodCallback;Lorg/springframework/util/ReflectionUtils$
Event: 23.802 Thread 0x00000254ee014010 DEOPT PACKING pc=0x0000025487de3330 sp=0x000000b4571fc530
Event: 23.802 Thread 0x00000254ee014010 DEOPT UNPACKING pc=0x00000254875846a2 sp=0x000000b4571fc558 mode 2
Event: 23.913 Thread 0x00000254ee014010 Uncommon trap: trap_request=0xffffff45 fr.pc=0x0000025487d0ef08 relative=0x0000000000001028
Event: 23.913 Thread 0x00000254ee014010 Uncommon trap: reason=unstable_if action=reinterpret pc=0x0000025487d0ef08 method=java.util.concurrent.ConcurrentHashMap.computeIfAbsent(Ljava/lang/Object;Ljava/util/function/Function;)Ljava/lang/Object; @ 123 c2
Event: 23.913 Thread 0x00000254ee014010 DEOPT PACKING pc=0x0000025487d0ef08 sp=0x000000b4571fc5d0
Event: 23.913 Thread 0x00000254ee014010 DEOPT UNPACKING pc=0x00000254875846a2 sp=0x000000b4571fc550 mode 2
Event: 24.029 Thread 0x00000254ee014010 Uncommon trap: trap_request=0xffffff76 fr.pc=0x0000025487e98460 relative=0x0000000000000340
Event: 24.030 Thread 0x00000254ee014010 Uncommon trap: reason=predicate action=maybe_recompile pc=0x0000025487e98460 method=java.util.Arrays$ArrayList.indexOf(Ljava/lang/Object;)I @ 39 c2
Event: 24.030 Thread 0x00000254ee014010 DEOPT PACKING pc=0x0000025487e98460 sp=0x000000b4571fc6e0
Event: 24.030 Thread 0x00000254ee014010 DEOPT UNPACKING pc=0x00000254875846a2 sp=0x000000b4571fc658 mode 2

Classes loaded (20 events):
Event: 23.307 Loading class jdk/internal/reflect/ConstantPool$Tag
Event: 23.308 Loading class jdk/internal/reflect/ConstantPool$Tag done
Event: 23.379 Loading class java/lang/SafeVarargs
Event: 23.380 Loading class java/lang/SafeVarargs done
Event: 23.838 Loading class java/util/WeakHashMap$KeyIterator
Event: 23.839 Loading class java/util/WeakHashMap$KeyIterator done
Event: 23.931 Loading class java/lang/Package$1PackageInfoProxy
Event: 23.953 Loading class java/lang/Package$1PackageInfoProxy done
Event: 23.999 Loading class java/util/stream/ReduceOps$5
Event: 23.999 Loading class java/util/stream/ReduceOps$5 done
Event: 24.000 Loading class java/util/stream/ReduceOps$CountingSink$OfRef
Event: 24.000 Loading class java/util/stream/ReduceOps$CountingSink
Event: 24.000 Loading class java/util/stream/ReduceOps$CountingSink done
Event: 24.000 Loading class java/util/stream/ReduceOps$CountingSink$OfRef done
Event: 24.076 Loading class java/lang/Character$UnicodeBlock
Event: 24.078 Loading class java/lang/Character$Subset
Event: 24.078 Loading class java/lang/Character$Subset done
Event: 24.079 Loading class java/lang/Character$UnicodeBlock done
Event: 24.164 Loading class java/util/regex/Pattern$Bound
Event: 24.165 Loading class java/util/regex/Pattern$Bound done

Classes unloaded (0 events):
No events

Classes redefined (0 events):
No events

Internal exceptions (20 events):
Event: 21.038 Thread 0x00000254ee014010 Exception <a 'java/lang/NoSuchMethodError'{0x000000008815b778}: 'java.lang.Object java.lang.invoke.DirectMethodHandle$Holder.newInvokeSpecial(java.lang.Object, java.lang.Object, java.lang.Object, java.lang.Object, java.lang.Object, int, java.lang.Object)'> (0x000000008815b778) 
thrown [s\src\hotspot\share\interpreter\linkResolver.cpp, line 774]
Event: 21.047 Thread 0x00000254ee014010 Exception <a 'java/lang/NoSuchMethodError'{0x000000008818e5b0}: 'java.lang.Object java.lang.invoke.Invokers$Holder.linkToTargetMethod(java.lang.Object, java.lang.Object, java.lang.Object, java.lang.Object, java.lang.Object, java.lang.Object, java.lang.Object, java.lang.Object, java.lang.Object, java.lang.Object, java.lang.Object, java.lang.Object)'> (0x000000008818e5b0) 
thrown [s\src\hotspot\share\interpreter\linkResolver.cpp, line 774]
Event: 21.316 Thread 0x00000254ee014010 Exception <a 'java/lang/IncompatibleClassChangeError'{0x0000000087f20418}: Found class java.lang.Object, but interface was expected> (0x0000000087f20418) 
thrown [s\src\hotspot\share\interpreter\linkResolver.cpp, line 841]
Event: 21.364 Thread 0x00000254ee014010 Exception <a 'java/lang/NoSuchMethodError'{0x0000000087f97000}: 'java.lang.Object java.lang.invoke.DirectMethodHandle$Holder.newInvokeSpecial(java.lang.Object, java.lang.Object, java.lang.Object, java.lang.Object, java.lang.Object, java.lang.Object, java.lang.Object, int)'> (0x0000000087f97000) 
thrown [s\src\hotspot\share\interpreter\linkResolver.cpp, line 774]
Event: 21.366 Thread 0x00000254ee014010 Exception <a 'java/lang/NoSuchMethodError'{0x0000000087f9b548}: 'java.lang.Object java.lang.invoke.DirectMethodHandle$Holder.invokeSpecial(java.lang.Object, java.lang.Object, java.lang.Object, java.lang.Object, java.lang.Object, java.lang.Object, java.lang.Object, java.lang.Object, int)'> (0x0000000087f9b548) 
thrown [s\src\hotspot\share\interpreter\linkResolver.cpp, line 774]
Event: 21.367 Thread 0x00000254ee014010 Exception <a 'java/lang/NoSuchMethodError'{0x0000000087f9f518}: 'java.lang.Object java.lang.invoke.Invokers$Holder.linkToTargetMethod(java.lang.Object, java.lang.Object, java.lang.Object, java.lang.Object, java.lang.Object, java.lang.Object, int, java.lang.Object)'> (0x0000000087f9f518) 
thrown [s\src\hotspot\share\interpreter\linkResolver.cpp, line 774]
Event: 21.488 Thread 0x00000254ee014010 Exception <a 'java/lang/NoSuchMethodError'{0x0000000087ecf788}: 'java.lang.Object java.lang.invoke.DirectMethodHandle$Holder.newInvokeSpecial(java.lang.Object, java.lang.Object, int, java.lang.Object, int, java.lang.Object, java.lang.Object)'> (0x0000000087ecf788) 
thrown [s\src\hotspot\share\interpreter\linkResolver.cpp, line 774]
Event: 22.173 Thread 0x00000254ee014010 Exception <a 'java/lang/NoSuchMethodError'{0x000000008796e620}: 'java.lang.Object java.lang.invoke.DirectMethodHandle$Holder.invokeSpecial(java.lang.Object, java.lang.Object, int, java.lang.Object, int)'> (0x000000008796e620) 
thrown [s\src\hotspot\share\interpreter\linkResolver.cpp, line 774]
Event: 22.341 Thread 0x00000254ee014010 Exception <a 'java/lang/NoSuchMethodError'{0x000000008784a388}: 'void java.lang.invoke.Invokers$Holder.invokeExact_MT(java.lang.Object, java.lang.Object, java.lang.Object, java.lang.Object)'> (0x000000008784a388) 
thrown [s\src\hotspot\share\interpreter\linkResolver.cpp, line 774]
Event: 22.388 Thread 0x00000254ee014010 Implicit null exception at 0x0000025487e39f73 to 0x0000025487e3a1e4
Event: 22.441 Thread 0x00000254ee014010 Exception <a 'java/lang/IncompatibleClassChangeError'{0x00000000877f0fd8}: Found class java.lang.Object, but interface was expected> (0x00000000877f0fd8) 
thrown [s\src\hotspot\share\interpreter\linkResolver.cpp, line 841]
Event: 22.743 Thread 0x00000254ee014010 Exception <a 'java/lang/NoSuchMethodError'{0x000000008749e4b8}: 'java.lang.Object java.lang.invoke.DirectMethodHandle$Holder.newInvokeSpecial(java.lang.Object, java.lang.Object, int, java.lang.Object, java.lang.Object)'> (0x000000008749e4b8) 
thrown [s\src\hotspot\share\interpreter\linkResolver.cpp, line 774]
Event: 22.804 Thread 0x00000254ee014010 Exception <a 'java/lang/NoSuchMethodError'{0x0000000087342120}: 'java.lang.Object java.lang.invoke.DirectMethodHandle$Holder.newInvokeSpecial(java.lang.Object, java.lang.Object, java.lang.Object, java.lang.Object, java.lang.Object, java.lang.Object, java.lang.Object, java.lang.Object)'> (0x0000000087342120) 
thrown [s\src\hotspot\share\interpreter\linkResolver.cpp, line 774]
Event: 22.965 Thread 0x00000254ee014010 Exception <a 'java/lang/NoSuchMethodError'{0x00000000872fd660}: 'void java.lang.invoke.DirectMethodHandle$Holder.invokeStatic(java.lang.Object, java.lang.Object, java.lang.Object, int)'> (0x00000000872fd660) 
thrown [s\src\hotspot\share\interpreter\linkResolver.cpp, line 774]
Event: 23.029 Thread 0x00000254ee014010 Exception <a 'java/lang/IncompatibleClassChangeError'{0x00000000871945a8}: Found class java.lang.Object, but interface was expected> (0x00000000871945a8) 
thrown [s\src\hotspot\share\interpreter\linkResolver.cpp, line 841]
Event: 23.451 Thread 0x00000254ee014010 Implicit null exception at 0x0000025487e363ed to 0x0000025487e380d8
Event: 23.472 Thread 0x00000254ee014010 Exception <a 'java/lang/IncompatibleClassChangeError'{0x000000008adb9fb8}: Found class java.lang.Object, but interface was expected> (0x000000008adb9fb8) 
thrown [s\src\hotspot\share\interpreter\linkResolver.cpp, line 841]
Event: 23.566 Thread 0x00000254ee014010 Exception <a 'java/lang/IncompatibleClassChangeError'{0x000000008ab59c20}: Found class java.lang.Object, but interface was expected> (0x000000008ab59c20) 
thrown [s\src\hotspot\share\interpreter\linkResolver.cpp, line 841]
Event: 23.912 Thread 0x00000254ee014010 Exception <a 'java/lang/IncompatibleClassChangeError'{0x0000000088a73fe8}: Found class java.lang.Object, but interface was expected> (0x0000000088a73fe8) 
thrown [s\src\hotspot\share\interpreter\linkResolver.cpp, line 841]
Event: 24.107 Thread 0x00000254ee014010 Exception <a 'java/lang/IncompatibleClassChangeError'{0x000000008875d5e8}: Found class java.lang.Object, but interface was expected> (0x000000008875d5e8) 
thrown [s\src\hotspot\share\interpreter\linkResolver.cpp, line 841]

ZGC Phase Switch (0 events):
No events

VM Operations (20 events):
Event: 19.032 Executing VM operation: HandshakeAllThreads (Deoptimize)
Event: 19.032 Executing VM operation: HandshakeAllThreads (Deoptimize) done
Event: 19.290 Executing VM operation: HandshakeAllThreads (Deoptimize)
Event: 19.290 Executing VM operation: HandshakeAllThreads (Deoptimize) done
Event: 20.296 Executing VM operation: Cleanup
Event: 20.297 Executing VM operation: Cleanup done
Event: 20.777 Executing VM operation: ICBufferFull
Event: 20.777 Executing VM operation: ICBufferFull done
Event: 21.791 Executing VM operation: Cleanup
Event: 21.792 Executing VM operation: Cleanup done
Event: 22.793 Executing VM operation: Cleanup
Event: 22.793 Executing VM operation: Cleanup done
Event: 23.150 Executing VM operation: G1CollectForAllocation (G1 Evacuation Pause)
Event: 23.155 Executing VM operation: G1CollectForAllocation (G1 Evacuation Pause) done
Event: 23.965 Executing VM operation: HandshakeAllThreads (Deoptimize)
Event: 23.965 Executing VM operation: HandshakeAllThreads (Deoptimize) done
Event: 23.967 Executing VM operation: HandshakeAllThreads (Deoptimize)
Event: 23.967 Executing VM operation: HandshakeAllThreads (Deoptimize) done
Event: 24.968 Executing VM operation: Cleanup
Event: 24.969 Executing VM operation: Cleanup done

Memory protections (0 events):
No events

Nmethod flushes (20 events):
Event: 18.445 Thread 0x00000254fd6874e0 flushing  nmethod 0x0000025480322d10
Event: 18.445 Thread 0x00000254fd6874e0 flushing  nmethod 0x000002548034e510
Event: 18.445 Thread 0x00000254fd6874e0 flushing  nmethod 0x0000025480352390
Event: 18.445 Thread 0x00000254fd6874e0 flushing  nmethod 0x0000025480353310
Event: 18.445 Thread 0x00000254fd6874e0 flushing  nmethod 0x00000254804aa110
Event: 18.445 Thread 0x00000254fd6874e0 flushing  nmethod 0x00000254804aa590
Event: 18.445 Thread 0x00000254fd6874e0 flushing  nmethod 0x00000254804ab590
Event: 18.445 Thread 0x00000254fd6874e0 flushing  nmethod 0x00000254804ac990
Event: 18.445 Thread 0x00000254fd6874e0 flushing  nmethod 0x00000254804ad110
Event: 18.445 Thread 0x00000254fd6874e0 flushing  nmethod 0x00000254804ee090
Event: 18.445 Thread 0x00000254fd6874e0 flushing  nmethod 0x00000254805ef090
Event: 18.445 Thread 0x00000254fd6874e0 flushing  nmethod 0x00000254805f0010
Event: 18.445 Thread 0x00000254fd6874e0 flushing  nmethod 0x00000254805f1510
Event: 18.445 Thread 0x00000254fd6874e0 flushing  nmethod 0x00000254805f8410
Event: 18.445 Thread 0x00000254fd6874e0 flushing  nmethod 0x00000254805fb390
Event: 18.445 Thread 0x00000254fd6874e0 flushing  nmethod 0x000002548062bf90
Event: 18.445 Thread 0x00000254fd6874e0 flushing  nmethod 0x000002548062e610
Event: 18.445 Thread 0x00000254fd6874e0 flushing  nmethod 0x0000025480746f10
Event: 18.445 Thread 0x00000254fd6874e0 flushing  nmethod 0x00000254808f4a90
Event: 18.445 Thread 0x00000254fd6874e0 flushing  nmethod 0x00000254808f6910

Events (20 events):
Event: 10.689 Thread 0x00000254d41526c0 Thread added: 0x00000254d80ccaa0
Event: 11.544 Thread 0x00000254d80ccaa0 Thread exited: 0x00000254d80ccaa0
Event: 11.597 Thread 0x00000254d80cdf10 Thread exited: 0x00000254d80cdf10
Event: 11.737 Thread 0x00000254d41526c0 Thread added: 0x00000254d80cf380
Event: 11.866 Thread 0x00000254ee014010 Thread added: 0x00000254d4aa7fd0
Event: 11.869 Thread 0x00000254d4aa7fd0 Thread added: 0x00000254d84ff420
Event: 11.882 Thread 0x00000254ee014010 Thread added: 0x00000254d584c2b0
Event: 11.988 Thread 0x00000254d41526c0 Thread added: 0x00000254d80ccaa0
Event: 12.016 Thread 0x00000254ee014010 Thread added: 0x00000254d49f5540
Event: 13.762 Thread 0x00000254d80ccaa0 Thread exited: 0x00000254d80ccaa0
Event: 13.762 Thread 0x00000254d80cf380 Thread exited: 0x00000254d80cf380
Event: 14.990 Thread 0x00000254d41526c0 Thread added: 0x00000254d6e5b050
Event: 14.999 Thread 0x00000254d41526c0 Thread added: 0x00000254d6e5b720
Event: 15.406 Thread 0x00000254d6e5b720 Thread exited: 0x00000254d6e5b720
Event: 15.406 Thread 0x00000254d6e5b050 Thread exited: 0x00000254d6e5b050
Event: 15.455 Thread 0x00000254ee014010 Thread added: 0x00000254d91604a0
Event: 15.598 Thread 0x00000254d91604a0 Thread added: 0x00000254d6e67340
Event: 15.980 Thread 0x00000254d41526c0 Thread added: 0x00000254d6e5b720
Event: 16.496 Thread 0x00000254d6e5b720 Thread exited: 0x00000254d6e5b720
Event: 21.450 Thread 0x00000254d6e67340 Thread exited: 0x00000254d6e67340


Dynamic libraries:
0x00007ff734cd0000 - 0x00007ff734cde000 	C:\Users\LENOVO\.jdks\corretto-22.0.2\bin\java.exe
0x00007ffff3600000 - 0x00007ffff3867000 	C:\WINDOWS\SYSTEM32\ntdll.dll
0x00007ffff20c0000 - 0x00007ffff2189000 	C:\WINDOWS\System32\KERNEL32.DLL
0x00007ffff0a00000 - 0x00007ffff0df0000 	C:\WINDOWS\System32\KERNELBASE.dll
0x00007ffff1100000 - 0x00007ffff124b000 	C:\WINDOWS\System32\ucrtbase.dll
0x00007fffe5800000 - 0x00007fffe5817000 	C:\Users\LENOVO\.jdks\corretto-22.0.2\bin\jli.dll
0x00007ffff15b0000 - 0x00007ffff1775000 	C:\WINDOWS\System32\USER32.dll
0x00007fffe57e0000 - 0x00007fffe57fb000 	C:\Users\LENOVO\.jdks\corretto-22.0.2\bin\VCRUNTIME140.dll
0x00007fffe4900000 - 0x00007fffe4b9a000 	C:\WINDOWS\WinSxS\amd64_microsoft.windows.common-controls_6595b64144ccf1df_6.0.26100.4768_none_3e0c112ce331287c\COMCTL32.dll
0x00007ffff0f50000 - 0x00007ffff0f77000 	C:\WINDOWS\System32\win32u.dll
0x00007ffff2010000 - 0x00007ffff20b9000 	C:\WINDOWS\System32\msvcrt.dll
0x00007ffff3590000 - 0x00007ffff35bb000 	C:\WINDOWS\System32\GDI32.dll
0x00007ffff1250000 - 0x00007ffff1388000 	C:\WINDOWS\System32\gdi32full.dll
0x00007ffff0950000 - 0x00007ffff09f3000 	C:\WINDOWS\System32\msvcp_win.dll
0x00007ffff2d70000 - 0x00007ffff2d9f000 	C:\WINDOWS\System32\IMM32.DLL
0x00007fffe89a0000 - 0x00007fffe89ac000 	C:\Users\LENOVO\.jdks\corretto-22.0.2\bin\vcruntime140_1.dll
0x00007fffc0a70000 - 0x00007fffc0afd000 	C:\Users\LENOVO\.jdks\corretto-22.0.2\bin\msvcp140.dll
0x00007fff807d0000 - 0x00007fff815a1000 	C:\Users\LENOVO\.jdks\corretto-22.0.2\bin\server\jvm.dll
0x00007ffff24d0000 - 0x00007ffff2584000 	C:\WINDOWS\System32\ADVAPI32.dll
0x00007ffff2f80000 - 0x00007ffff3026000 	C:\WINDOWS\System32\sechost.dll
0x00007ffff1390000 - 0x00007ffff14a8000 	C:\WINDOWS\System32\RPCRT4.dll
0x00007ffff2f00000 - 0x00007ffff2f74000 	C:\WINDOWS\System32\WS2_32.dll
0x00007fffe41d0000 - 0x00007fffe41db000 	C:\WINDOWS\SYSTEM32\VERSION.dll
0x00007ffff0590000 - 0x00007ffff05ee000 	C:\WINDOWS\SYSTEM32\POWRPROF.dll
0x00007fffddcb0000 - 0x00007fffddce5000 	C:\WINDOWS\SYSTEM32\WINMM.dll
0x00007ffff0570000 - 0x00007ffff0584000 	C:\WINDOWS\SYSTEM32\UMPDC.dll
0x00007fffef4b0000 - 0x00007fffef4cb000 	C:\WINDOWS\SYSTEM32\kernel.appcore.dll
0x00007fffe8970000 - 0x00007fffe897a000 	C:\Users\LENOVO\.jdks\corretto-22.0.2\bin\jimage.dll
0x00007fffeddf0000 - 0x00007fffee031000 	C:\WINDOWS\SYSTEM32\DBGHELP.DLL
0x00007ffff3090000 - 0x00007ffff3415000 	C:\WINDOWS\System32\combase.dll
0x00007ffff1ec0000 - 0x00007ffff1fa0000 	C:\WINDOWS\System32\OLEAUT32.dll
0x00007fffdbd70000 - 0x00007fffdbdb3000 	C:\WINDOWS\SYSTEM32\dbgcore.DLL
0x00007ffff0730000 - 0x00007ffff07c9000 	C:\WINDOWS\System32\bcryptPrimitives.dll
0x00007fffe8a10000 - 0x00007fffe8a1e000 	C:\Users\LENOVO\.jdks\corretto-22.0.2\bin\instrument.dll
0x00007fffe48a0000 - 0x00007fffe48be000 	C:\Users\LENOVO\.jdks\corretto-22.0.2\bin\java.dll
0x00007ffff25b0000 - 0x00007ffff2cfd000 	C:\WINDOWS\System32\SHELL32.dll
0x00007ffff0f80000 - 0x00007ffff10f3000 	C:\WINDOWS\System32\wintypes.dll
0x00007ffff21a0000 - 0x00007ffff2340000 	C:\WINDOWS\System32\ole32.dll
0x00007fffee330000 - 0x00007fffeeb90000 	C:\WINDOWS\SYSTEM32\windows.storage.dll
0x00007ffff23d0000 - 0x00007ffff24c5000 	C:\WINDOWS\System32\SHCORE.dll
0x00007ffff2d00000 - 0x00007ffff2d6a000 	C:\WINDOWS\System32\shlwapi.dll
0x00007ffff0650000 - 0x00007ffff0679000 	C:\WINDOWS\SYSTEM32\profapi.dll
0x00007fffbfc70000 - 0x00007fffbfd47000 	C:\Users\LENOVO\.jdks\corretto-22.0.2\bin\jsvml.dll
0x00007fffe3f90000 - 0x00007fffe3fa7000 	C:\Users\LENOVO\.jdks\corretto-22.0.2\bin\zip.dll
0x00007fffe59d0000 - 0x00007fffe59e0000 	C:\Users\LENOVO\.jdks\corretto-22.0.2\bin\net.dll
0x00007fffefa40000 - 0x00007fffefaab000 	C:\WINDOWS\system32\mswsock.dll
0x00007fffe42c0000 - 0x00007fffe42d6000 	C:\Users\LENOVO\.jdks\corretto-22.0.2\bin\nio.dll
0x00007fffe5950000 - 0x00007fffe5959000 	C:\Users\LENOVO\.jdks\corretto-22.0.2\bin\extnet.dll
0x00007fffeeec0000 - 0x00007fffeeef3000 	C:\WINDOWS\SYSTEM32\IPHLPAPI.DLL
0x00007ffff3080000 - 0x00007ffff308a000 	C:\WINDOWS\System32\NSI.dll
0x00007fffeefb0000 - 0x00007fffef0d6000 	C:\WINDOWS\SYSTEM32\DNSAPI.dll
0x00007fffe86e0000 - 0x00007fffe86eb000 	C:\Windows\System32\rasadhlp.dll
0x00007fffe98b0000 - 0x00007fffe9936000 	C:\WINDOWS\System32\fwpuclnt.dll
0x00007fffddbd0000 - 0x00007fffddbdb000 	C:\Users\LENOVO\.jdks\corretto-22.0.2\bin\le.dll
0x00007fffe4890000 - 0x00007fffe489e000 	C:\Users\LENOVO\.jdks\corretto-22.0.2\bin\sunmscapi.dll
0x00007ffff07d0000 - 0x00007ffff0947000 	C:\WINDOWS\System32\CRYPT32.dll
0x00007fffeff20000 - 0x00007fffeff50000 	C:\WINDOWS\SYSTEM32\ncrypt.dll
0x00007fffefed0000 - 0x00007fffeff0f000 	C:\WINDOWS\SYSTEM32\NTASN1.dll
0x00007fffefd00000 - 0x00007fffefd1b000 	C:\WINDOWS\SYSTEM32\CRYPTSP.dll
0x00007fffef410000 - 0x00007fffef44b000 	C:\WINDOWS\system32\rsaenh.dll
0x00007fffefae0000 - 0x00007fffefb0b000 	C:\WINDOWS\SYSTEM32\USERENV.dll
0x00007ffff0620000 - 0x00007ffff0646000 	C:\WINDOWS\SYSTEM32\bcrypt.dll
0x00007fffefd20000 - 0x00007fffefd2c000 	C:\WINDOWS\SYSTEM32\CRYPTBASE.dll
0x00007fffe4220000 - 0x00007fffe4229000 	C:\Users\LENOVO\.jdks\corretto-22.0.2\bin\management.dll
0x00007fffddc30000 - 0x00007fffddc3b000 	C:\Users\LENOVO\.jdks\corretto-22.0.2\bin\management_ext.dll
0x00007ffff2db0000 - 0x00007ffff2db8000 	C:\WINDOWS\System32\PSAPI.DLL
0x00007fffe5970000 - 0x00007fffe5980000 	C:\Users\LENOVO\.jdks\corretto-22.0.2\bin\verify.dll

dbghelp: loaded successfully - version: 4.0.5 - missing functions: none
symbol engine: initialized successfully - sym options: 0x614 - pdb path: .;C:\Users\LENOVO\.jdks\corretto-22.0.2\bin;C:\WINDOWS\SYSTEM32;C:\WINDOWS\WinSxS\amd64_microsoft.windows.common-controls_6595b64144ccf1df_6.0.26100.4768_none_3e0c112ce331287c;C:\Users\LENOVO\.jdks\corretto-22.0.2\bin\server

VM Arguments:
jvm_args: -javaagent:C:\Program Files\JetBrains\IntelliJ IDEA Community Edition 2024.3.5\lib\idea_rt.jar=56977 -Dfile.encoding=UTF-8 -Dsun.stdout.encoding=UTF-8 -Dsun.stderr.encoding=UTF-8 
java_command: edu.icet.ecom.Main
java_class_path (initial): C:\Users\LENOVO\ICD114\Enterpirce Application Development\Final Project - Lost & Found\Backend\item-service\target\classes;C:\Users\LENOVO\.m2\repository\org\springframework\boot\spring-boot-starter-web\3.5.0\spring-boot-starter-web-3.5.0.jar;C:\Users\LENOVO\.m2\repository\org\springframework\boot\spring-boot-starter\3.5.0\spring-boot-starter-3.5.0.jar;C:\Users\LENOVO\.m2\repository\org\springframework\boot\spring-boot\3.5.0\spring-boot-3.5.0.jar;C:\Users\LENOVO\.m2\repository\org\springframework\boot\spring-boot-autoconfigure\3.5.0\spring-boot-autoconfigure-3.5.0.jar;C:\Users\LENOVO\.m2\repository\org\springframework\boot\spring-boot-starter-logging\3.5.0\spring-boot-starter-logging-3.5.0.jar;C:\Users\LENOVO\.m2\repository\ch\qos\logback\logback-classic\1.5.18\logback-classic-1.5.18.jar;C:\Users\LENOVO\.m2\repository\ch\qos\logback\logback-core\1.5.18\logback-core-1.5.18.jar;C:\Users\LENOVO\.m2\repository\org\apache\logging\log4j\log4j-to-slf4j\2.24.3\log4j-to-slf4j-2.24.3.jar;C:\Users\LENOVO\.m2\repository\org\apache\logging\log4j\log4j-api\2.24.3\log4j-api-2.24.3.jar;C:\Users\LENOVO\.m2\repository\org\slf4j\jul-to-slf4j\2.0.17\jul-to-slf4j-2.0.17.jar;C:\Users\LENOVO\.m2\repository\jakarta\annotation\jakarta.annotation-api\2.1.1\jakarta.annotation-api-2.1.1.jar;C:\Users\LENOVO\.m2\repository\org\springframework\spring-core\6.2.7\spring-core-6.2.7.jar;C:\Users\LENOVO\.m2\repository\org\springframework\spring-jcl\6.2.7\spring-jcl-6.2.7.jar;C:\Users\LENOVO\.m2\repository\org\yaml\snakeyaml\2.4\snakeyaml-2.4.jar;C:\Users\LENOVO\.m2\repository\org\springframework\boot\spring-boot-starter-json\3.5.0\spring-boot-starter-json-3.5.0.jar;C:\Users\LENOVO\.m2\repository\com\fasterxml\jackson\core\jackson-databind\2.19.0\jackson-databind-2.19.0.jar;C:\Users\LENOVO\.m2\repository\com\fasterxml\jackson\core\jackson-annotations\2.19.0\jackson-annotations-2.19.0.jar;C:\Users\LENOVO\.m2\repository\com\fasterxml\jackson\core\jackson-core\2.19.0\jackson-core-2.19.0.jar;C:\Users\LENOVO\.m2\repository\com\fasterxml\jackson\datatype\jackson-datatype-jdk8\2.19.0\jackson-datatype-jdk8-2.19.0.jar;C:\Users\LENOVO\.m2\repository\com\fasterxml\jackson\datatype\jackson-datatype-jsr310\2.19.0\jackson-datatype-jsr310-2.19.0.jar;C:\Users\LENOVO\.m2\repository\com\fasterxml\jackson\module\jackson-module-parameter-names\2.19.0\jackson-module-parameter-names-2.19.0.jar;C:\Users\LENOVO\.m2\repository\org\springframework\boot\spring-boot-starter-tomcat\3.5.0\spring-boot-starter-tomcat-3.5.0.jar;C:\Users\LENOVO\.m2\repository\org\apache\tomcat\embed\tomcat-embed-core\10.1.41\tomcat-embed-core-10.1.41.jar;C:\Users\LENOVO\.m2\repository\org\apache\tomcat\embed\tomcat-embed-websocket\10.1.41\tomcat-embed-websocket-10.1.41.jar;C:\Users\LENOVO\.m2\repository\org\springframework\spring-web\6.2.7\spring-web-6.2.7.jar;C:\Users\LENOVO\.m2\repository\org\springframework\spring-beans\6.2.7\spring-beans-6.2.7.jar;C:\Users\LENOVO\.m2\repository\io\micrometer\micrometer-observation\1.15.0\micrometer-observation-1.15.0.jar;C:\Users\LENOVO\.m2\repository\io\micrometer\micrometer-commons\1.15.0\micrometer-commons-1.15.0.jar;C:\Users\LENOVO\.m2\repository\org\springframework\spring-webmvc\6.2.7\spring-webmvc-6.2.7.jar;C:\Users\LENOVO\.m2\repository\org\springframework\spring-aop\6.2.7\spring-aop-6.2.7.jar;C:\Users\LENOVO\.m2\repository\org\springframework\spring-context\6.2.7\spring-context-6.2.7.jar;C:\Users\LENOVO\.m2\repository\org\springframework\spring-expression\6.2.7\spring-expression-6.2.7.jar;C:\Users\LENOVO\.m2\repository\org\projectlombok\lombok\1.18.38\lombok-1.18.38.jar;C:\Users\LENOVO\.m2\repository\com\mysql\mysql-connector-j\9.3.0\mysql-connector-j-9.3.0.jar;C:\Users\LENOVO\.m2\repository\org\springframework\boot\spring-boot-starter-data-jpa\3.5.0\spring-boot-starter-data-jpa-3.5.0.jar;C:\Users\LENOVO\.m2\repository\org\springframework\boot\spring-boot-starter-jdbc\3.5.0\spring-boot-starter-jdbc-3.5.0.jar;C:\Users\LENOVO\.m2\repository\com\zaxxer\HikariCP\6.3.0\HikariCP-6.3.0.jar;C:\Users\LENOVO\.m2\repository\org\springframework\spring-jdbc\6.2.7\spring-jdbc-6.2.7.jar;C:\Users\LENOVO\.m2\repository\org\hibernate\orm\hibernate-core\6.6.15.Final\hibernate-core-6.6.15.Final.jar;C:\Users\LENOVO\.m2\repository\jakarta\persistence\jakarta.persistence-api\3.1.0\jakarta.persistence-api-3.1.0.jar;C:\Users\LENOVO\.m2\repository\jakarta\transaction\jakarta.transaction-api\2.0.1\jakarta.transaction-api-2.0.1.jar;C:\Users\LENOVO\.m2\repository\org\jboss\logging\jboss-logging\3.6.1.Final\jboss-logging-3.6.1.Final.jar;C:\Users\LENOVO\.m2\repository\org\hibernate\common\hibernate-commons-annotations\7.0.3.Final\hibernate-commons-annotations-7.0.3.Final.jar;C:\Users\LENOVO\.m2\repository\io\smallrye\jandex\3.2.0\jandex-3.2.0.jar;C:\Users\LENOVO\.m2\repository\com\fasterxml\classmate\1.7.0\classmate-1.7.0.jar;C:\Users\LENOVO\.m2\repository\net\bytebuddy\byte-buddy\1.17.5\byte-buddy-1.17.5.jar;C:\Users\LENOVO\.m2\repository\jakarta\xml\bind\jakarta.xml.bind-api\4.0.2\jakarta.xml.bind-api-4.0.2.jar;C:\Users\LENOVO\.m2\repository\jakarta\activation\jakarta.activation-api\2.1.3\jakarta.activation-api-2.1.3.jar;C:\Users\LENOVO\.m2\repository\org\glassfish\jaxb\jaxb-runtime\4.0.5\jaxb-runtime-4.0.5.jar;C:\Users\LENOVO\.m2\repository\org\glassfish\jaxb\jaxb-core\4.0.5\jaxb-core-4.0.5.jar;C:\Users\LENOVO\.m2\repository\org\eclipse\angus\angus-activation\2.0.2\angus-activation-2.0.2.jar;C:\Users\LENOVO\.m2\repository\org\glassfish\jaxb\txw2\4.0.5\txw2-4.0.5.jar;C:\Users\LENOVO\.m2\repository\com\sun\istack\istack-commons-runtime\4.1.2\istack-commons-runtime-4.1.2.jar;C:\Users\LENOVO\.m2\repository\jakarta\inject\jakarta.inject-api\2.0.1\jakarta.inject-api-2.0.1.jar;C:\Users\LENOVO\.m2\repository\org\antlr\antlr4-runtime\4.13.0\antlr4-runtime-4.13.0.jar;C:\Users\LENOVO\.m2\repository\org\springframework\data\spring-data-jpa\3.5.0\spring-data-jpa-3.5.0.jar;C:\Users\LENOVO\.m2\repository\org\springframework\data\spring-data-commons\3.5.0\spring-data-commons-3.5.0.jar;C:\Users\LENOVO\.m2\repository\org\springframework\spring-orm\6.2.7\spring-orm-6.2.7.jar;C:\Users\LENOVO\.m2\repository\org\springframework\spring-tx\6.2.7\spring-tx-6.2.7.jar;C:\Users\LENOVO\.m2\repository\org\slf4j\slf4j-api\2.0.17\slf4j-api-2.0.17.jar;C:\Users\LENOVO\.m2\repository\org\springframework\spring-aspects\6.2.7\spring-aspects-6.2.7.jar;C:\Users\LENOVO\.m2\repository\org\aspectj\aspectjweaver\1.9.24\aspectjweaver-1.9.24.jar;C:\Users\LENOVO\.m2\repository\org\modelmapper\modelmapper\3.2.4\modelmapper-3.2.4.jar;C:\Users\LENOVO\.m2\repository\org\springframework\boot\spring-boot-starter-validation\3.5.4\spring-boot-starter-validation-3.5.4.jar;C:\Users\LENOVO\.m2\repository\org\apache\tomcat\embed\tomcat-embed-el\10.1.41\tomcat-embed-el-10.1.41.jar;C:\Users\LENOVO\.m2\repository\org\hibernate\validator\hibernate-validator\8.0.2.Final\hibernate-validator-8.0.2.Final.jar;C:\Users\LENOVO\.m2\repository\jakarta\validation\jakarta.validation-api\3.0.2\jakarta.validation-api-3.0.2.jar;C:\Users\LENOVO\.m2\repository\org\springframework\boot\spring-boot-starter-webflux\3.5.4\spring-boot-starter-webflux-3.5.4.jar;C:\Users\LENOVO\.m2\repository\org\springframework\boot\spring-boot-starter-reactor-netty\3.5.0\spring-boot-starter-reactor-netty-3.5.0.jar;C:\Users\LENOVO\.m2\repository\io\projectreactor\netty\reactor-netty-http\1.2.6\reactor-netty-http-1.2.6.jar;C:\Users\LENOVO\.m2\repository\io\netty\netty-codec-http\4.1.121.Final\netty-codec-http-4.1.121.Final.jar;C:\Users\LENOVO\.m2\repository\io\netty\netty-common\4.1.121.Final\netty-common-4.1.121.Final.jar;C:\Users\LENOVO\.m2\repository\io\netty\netty-buffer\4.1.121.Final\netty-buffer-4.1.121.Final.jar;C:\Users\LENOVO\.m2\repository\io\netty\netty-transport\4.1.121.Final\netty-transport-4.1.121.Final.jar;C:\Users\LENOVO\.m2\repository\io\netty\netty-codec\4.1.121.Final\netty-codec-4.1.121.Final.jar;C:\Users\LENOVO\.m2\repository\io\netty\netty-handler\4.1.121.Final\netty-handler-4.1.121.Final.jar;C:\Users\LENOVO\.m2\repository\io\netty\netty-codec-http2\4.1.121.Final\netty-codec-http2-4.1.121.Final.jar;C:\Users\LENOVO\.m2\repository\io\netty\netty-resolver-dns\4.1.121.Final\netty-resolver-dns-4.1.121.Final.jar;C:\Users\LENOVO\.m2\repository\io\netty\netty-resolver\4.1.121.Final\netty-resolver-4.1.121.Final.jar;C:\Users\LENOVO\.m2\repository\io\netty\netty-codec-dns\4.1.121.Final\netty-codec-dns-4.1.121.Final.jar;C:\Users\LENOVO\.m2\repository\io\netty\netty-resolver-dns-native-macos\4.1.121.Final\netty-resolver-dns-native-macos-4.1.121.Final-osx-x86_64.jar;C:\Users\LENOVO\.m2\repository\io\netty\netty-resolver-dns-classes-macos\4.1.121.Final\netty-resolver-dns-classes-macos-4.1.121.Final.jar;C:\Users\LENOVO\.m2\repository\io\netty\netty-transport-native-epoll\4.1.121.Final\netty-transport-native-epoll-4.1.121.Final-linux-x86_64.jar;C:\Users\LENOVO\.m2\repository\io\netty\netty-transport-native-unix-common\4.1.121.Final\netty-transport-native-unix-common-4.1.121.Final.jar;C:\Users\LENOVO\.m2\repository\io\netty\netty-transport-classes-epoll\4.1.121.Final\netty-transport-classes-epoll-4.1.121.Final.jar;C:\Users\LENOVO\.m2\repository\io\projectreactor\netty\reactor-netty-core\1.2.6\reactor-netty-core-1.2.6.jar;C:\Users\LENOVO\.m2\repository\io\netty\netty-handler-proxy\4.1.121.Final\netty-handler-proxy-4.1.121.Final.jar;C:\Users\LENOVO\.m2\repository\io\netty\netty-codec-socks\4.1.121.Final\netty-codec-socks-4.1.121.Final.jar;C:\Users\LENOVO\.m2\repository\org\springframework\spring-webflux\6.2.7\spring-webflux-6.2.7.jar;C:\Users\LENOVO\.m2\repository\io\projectreactor\reactor-core\3.7.6\reactor-core-3.7.6.jar;C:\Users\LENOVO\.m2\repository\org\reactivestreams\reactive-streams\1.0.4\reactive-streams-1.0.4.jar;C:\Users\LENOVO\.m2\repository\org\springframework\cloud\spring-cloud-starter-openfeign\4.3.0\spring-cloud-starter-openfeign-4.3.0.jar;C:\Users\LENOVO\.m2\repository\org\springframework\cloud\spring-cloud-starter\4.3.0\spring-cloud-starter-4.3.0.jar;C:\Users\LENOVO\.m2\repository\org\springframework\cloud\spring-cloud-context\4.3.0\spring-cloud-context-4.3.0.jar;C:\Users\LENOVO\.m2\repository\org\bouncycastle\bcprov-jdk18on\1.80\bcprov-jdk18on-1.80.jar;C:\Users\LENOVO\.m2\repository\org\springframework\cloud\spring-cloud-openfeign-core\4.3.0\spring-cloud-openfeign-core-4.3.0.jar;C:\Users\LENOVO\.m2\repository\io\github\openfeign\feign-form-spring\13.6\feign-form-spring-13.6.jar;C:\Users\LENOVO\.m2\repository\org\apache\commons\commons-text\1.13.0\commons-text-1.13.0.jar;C:\Users\LENOVO\.m2\repository\org\apache\commons\commons-lang3\3.17.0\commons-lang3-3.17.0.jar;C:\Users\LENOVO\.m2\repository\io\github\openfeign\feign-form\13.6\feign-form-13.6.jar;C:\Users\LENOVO\.m2\repository\commons-fileupload\commons-fileupload\1.5\commons-fileupload-1.5.jar;C:\Users\LENOVO\.m2\repository\org\springframework\cloud\spring-cloud-commons\4.3.0\spring-cloud-commons-4.3.0.jar;C:\Users\LENOVO\.m2\repository\org\springframework\security\spring-security-crypto\6.5.0\spring-security-crypto-6.5.0.jar;C:\Users\LENOVO\.m2\repository\io\github\openfeign\feign-core\13.6\feign-core-13.6.jar;C:\Users\LENOVO\.m2\repository\io\github\openfeign\feign-slf4j\13.6\feign-slf4j-13.6.jar
Launcher Type: SUN_STANDARD

[Global flags]
     intx CICompilerCount                          = 4                                         {product} {ergonomic}
     uint ConcGCThreads                            = 2                                         {product} {ergonomic}
     uint G1ConcRefinementThreads                  = 8                                         {product} {ergonomic}
   size_t G1HeapRegionSize                         = 1048576                                   {product} {ergonomic}
   size_t InitialHeapSize                          = 130023424                                 {product} {ergonomic}
   size_t MarkStackSize                            = 4194304                                   {product} {ergonomic}
   size_t MaxHeapSize                              = 2076180480                                {product} {ergonomic}
   size_t MaxNewSize                               = 1245708288                                {product} {ergonomic}
   size_t MinHeapDeltaBytes                        = 1048576                                   {product} {ergonomic}
   size_t MinHeapSize                              = 8388608                                   {product} {ergonomic}
    uintx NonNMethodCodeHeapSize                   = 5839372                                {pd product} {ergonomic}
    uintx NonProfiledCodeHeapSize                  = 122909434                              {pd product} {ergonomic}
    uintx ProfiledCodeHeapSize                     = 122909434                              {pd product} {ergonomic}
    uintx ReservedCodeCacheSize                    = 251658240                              {pd product} {ergonomic}
     bool SegmentedCodeCache                       = true                                      {product} {ergonomic}
   size_t SoftMaxHeapSize                          = 2076180480                             {manageable} {ergonomic}
     bool UseCompressedOops                        = true                           {product lp64_product} {ergonomic}
     bool UseG1GC                                  = true                                      {product} {ergonomic}
     bool UseLargePagesIndividualAllocation        = false                                  {pd product} {ergonomic}

Logging:
Log output configuration:
 #0: stdout all=warning uptime,level,tags foldmultilines=false
 #1: stderr all=off uptime,level,tags foldmultilines=false

Environment Variables:
PATH=C:\Program Files\Java\jdk-11.0.16\bin;C:\Program Files\Common Files\Oracle\Java\javapath;C:\Program Files (x86)\Common Files\Oracle\Java\java8path;C:\Program Files (x86)\Common Files\Oracle\Java\javapath;C:\WINDOWS\system32;C:\WINDOWS;C:\WINDOWS\System32\Wbem;C:\WINDOWS\System32\WindowsPowerShell\v1.0\;C:\WINDOWS\System32\OpenSSH\;C:\Program Files\MySQL\MySQL Server 8.0\bin;C:\Program Files\Git\cmd;C:\Program Files\JetBrains\IntelliJ IDEA Community Edition 2024.3.5\bin;C:\Users\LENOVO\AppData\Local\nvm;C:\nvm4w\nodejs;C:\Program Files\MySQL\MySQL Shell 8.0\bin\;C:\Users\LENOVO\AppData\Local\Microsoft\WindowsApps;C:\Users\LENOVO\AppData\Local\Programs\Microsoft VS Code\bin;C:\Users\LENOVO\AppData\Roaming\npm;C:\Users\LENOVO\AppData\Local\nvm;C:\nvm4w\nodejs
USERNAME=LENOVO
OS=Windows_NT
PROCESSOR_IDENTIFIER=Intel64 Family 6 Model 154 Stepping 4, GenuineIntel
TMP=C:\Users\LENOVO\AppData\Local\Temp
TEMP=C:\Users\LENOVO\AppData\Local\Temp




Periodic native trim disabled

---------------  S Y S T E M  ---------------

OS:
 Windows 11 , 64 bit Build 26100 (10.0.26100.4768)
OS uptime: 13 days 22:14 hours

CPU: total 8 (initial active 8) (8 cores per cpu, 1 threads per core) family 6 model 154 stepping 4 microcode 0x424, cx8, cmov, fxsr, mmx, 3dnowpref, sse, sse2, sse3, ssse3, sse4.1, sse4.2, popcnt, lzcnt, tsc, tscinvbit, avx, avx2, aes, erms, clmul, bmi1, bmi2, adx, sha, fma, vzeroupper, clflush, clflushopt, clwb, serialize, rdtscp, rdpid, fsrm, f16c, pku, cet_ibt, cet_ss
Processor Information for processor 0
  Max Mhz: 1200, Current Mhz: 1200, Mhz Limit: 1200
Processor Information for processor 1
  Max Mhz: 1200, Current Mhz: 1200, Mhz Limit: 1200
Processor Information for processor 2
  Max Mhz: 1200, Current Mhz: 1200, Mhz Limit: 1200
Processor Information for processor 3
  Max Mhz: 1200, Current Mhz: 1200, Mhz Limit: 1200
Processor Information for processor 4
  Max Mhz: 900, Current Mhz: 900, Mhz Limit: 900
Processor Information for processor 5
  Max Mhz: 900, Current Mhz: 900, Mhz Limit: 900
Processor Information for processor 6
  Max Mhz: 900, Current Mhz: 900, Mhz Limit: 900
Processor Information for processor 7
  Max Mhz: 900, Current Mhz: 900, Mhz Limit: 900

Memory: 4k page, system-wide physical 7916M (201M free)
TotalPageFile size 32492M (AvailPageFile size 78M)
current process WorkingSet (physical memory assigned to process): 224M, peak: 278M
current process commit charge ("private bytes"): 323M, peak: 324M

vm_info: OpenJDK 64-Bit Server VM (22.0.2+9-FR) for windows-amd64 JRE (22.0.2+9-FR), built on 2024-07-09T01:10:09Z by "Administrator" with MS VC++ 16.10 / 16.11 (VS2019)

END.
